// Jest Snapshot v1, https://goo.gl/fbAQLP

exports[`The Pager component renders as expected 1`] = `
Array [
  <div>
    <select
      defaultValue="mante, marvin"
      onChange={[Function]}
    >
      <option
        value="mante, marvin"
      >
        mante, marvin
      </option>
      <option
        value="oani, aimee"
      >
        oani, aimee
      </option>
      <option
        value="mante, sophia"
      >
        mante, sophia
      </option>
    </select>
    <button
      onClick={[Function]}
    >
      Previous
    </button>
    <button
      onClick={[Function]}
    >
      Next
    </button>
    <button
      onClick={[Function]}
    >
      Help
    </button>
  </div>,
  <div>
    <ul>
      <li>
        Name: 
        mante
        , 
        marvin
      </li>
      <li>
        Department: 
        engineering
      </li>
      <li>
        Salary: $
        underpaid
      </li>
    </ul>
  </div>,
  <div>
    Loading more info...
  </div>,
]
`;
