// Jest Snapshot v1, https://goo.gl/fbAQLP

exports[`The SupportForm component renders as expected 1`] = `
<div
  className="container--form"
  id="support-form"
>
  <form
    onSubmit={[Function]}
  >
    <h4
      className="title"
    >
      Support Request Form
    </h4>
    <button
      className="container--form__close"
      onClick={[Function]}
    >
      Ã—
    </button>
    <div
      className="row"
    >
      <input
        className="input"
        id="name"
        name="name"
        onChange={[Function]}
        onKeyDown={[Function]}
        placeholder="name"
        required={true}
        type="text"
        value=""
      />
    </div>
    <div
      className="row"
    >
      <input
        className="input"
        id="email"
        name="email"
        onChange={[Function]}
        onKeyDown={[Function]}
        placeholder="email"
        required={true}
        type="email"
        value=""
      />
    </div>
    <div
      className="row"
    >
      <textarea
        className="textarea--message"
        id="message"
        name="message"
        onChange={[Function]}
        onKeyDown={[Function]}
        placeholder="message"
        required={true}
        value=""
      />
    </div>
    <div
      className="row"
    >
      <button
        className="btn"
        disabled={true}
        type="submit"
      >
        Submit
      </button>
    </div>
  </form>
</div>
`;
